------------------------------------------------------------
TimeQuest Timing Analyzer Summary
------------------------------------------------------------

Type  : Slow 1200mV 85C Model Setup 'u1|altpll_component|auto_generated|pll1|clk[0]'
Slack : -12.071
TNS   : -750.105

Type  : Slow 1200mV 85C Model Setup 'SW[9]'
Slack : -8.703
TNS   : -647.129

Type  : Slow 1200mV 85C Model Setup 'Level_CTRL:u8|oRST'
Slack : -6.802
TNS   : -26.704

Type  : Slow 1200mV 85C Model Setup 'VGA_Ctrl:u2|oVGA_HS'
Slack : -3.328
TNS   : -26.538

Type  : Slow 1200mV 85C Model Setup 'iic:u10|count[17]'
Slack : -0.485
TNS   : -0.933

Type  : Slow 1200mV 85C Model Setup 'CLOCK_50'
Slack : 0.933
TNS   : 0.000

Type  : Slow 1200mV 85C Model Hold 'SW[9]'
Slack : -3.773
TNS   : -187.946

Type  : Slow 1200mV 85C Model Hold 'CLOCK_50'
Slack : -2.120
TNS   : -10.596

Type  : Slow 1200mV 85C Model Hold 'u1|altpll_component|auto_generated|pll1|clk[0]'
Slack : -0.025
TNS   : -0.035

Type  : Slow 1200mV 85C Model Hold 'Level_CTRL:u8|oRST'
Slack : 0.138
TNS   : 0.000

Type  : Slow 1200mV 85C Model Hold 'iic:u10|count[17]'
Slack : 0.227
TNS   : 0.000

Type  : Slow 1200mV 85C Model Hold 'VGA_Ctrl:u2|oVGA_HS'
Slack : 0.345
TNS   : 0.000

Type  : Slow 1200mV 85C Model Recovery 'u1|altpll_component|auto_generated|pll1|clk[0]'
Slack : -2.773
TNS   : -69.137

Type  : Slow 1200mV 85C Model Recovery 'CLOCK_50'
Slack : -0.323
TNS   : -25.131

Type  : Slow 1200mV 85C Model Recovery 'SW[9]'
Slack : 3.060
TNS   : 0.000

Type  : Slow 1200mV 85C Model Removal 'SW[9]'
Slack : -3.044
TNS   : -315.509

Type  : Slow 1200mV 85C Model Removal 'CLOCK_50'
Slack : 0.340
TNS   : 0.000

Type  : Slow 1200mV 85C Model Removal 'u1|altpll_component|auto_generated|pll1|clk[0]'
Slack : 2.475
TNS   : 0.000

Type  : Slow 1200mV 0C Model Setup 'u1|altpll_component|auto_generated|pll1|clk[0]'
Slack : -10.745
TNS   : -667.110

Type  : Slow 1200mV 0C Model Setup 'SW[9]'
Slack : -7.753
TNS   : -569.873

Type  : Slow 1200mV 0C Model Setup 'Level_CTRL:u8|oRST'
Slack : -6.164
TNS   : -23.840

Type  : Slow 1200mV 0C Model Setup 'VGA_Ctrl:u2|oVGA_HS'
Slack : -2.885
TNS   : -22.817

Type  : Slow 1200mV 0C Model Setup 'iic:u10|count[17]'
Slack : -0.327
TNS   : -0.614

Type  : Slow 1200mV 0C Model Setup 'CLOCK_50'
Slack : 0.942
TNS   : 0.000

Type  : Slow 1200mV 0C Model Hold 'SW[9]'
Slack : -3.521
TNS   : -175.272

Type  : Slow 1200mV 0C Model Hold 'CLOCK_50'
Slack : -1.961
TNS   : -9.935

Type  : Slow 1200mV 0C Model Hold 'u1|altpll_component|auto_generated|pll1|clk[0]'
Slack : -0.149
TNS   : -0.283

Type  : Slow 1200mV 0C Model Hold 'Level_CTRL:u8|oRST'
Slack : 0.181
TNS   : 0.000

Type  : Slow 1200mV 0C Model Hold 'iic:u10|count[17]'
Slack : 0.259
TNS   : 0.000

Type  : Slow 1200mV 0C Model Hold 'VGA_Ctrl:u2|oVGA_HS'
Slack : 0.301
TNS   : 0.000

Type  : Slow 1200mV 0C Model Recovery 'u1|altpll_component|auto_generated|pll1|clk[0]'
Slack : -2.264
TNS   : -56.410

Type  : Slow 1200mV 0C Model Recovery 'CLOCK_50'
Slack : -0.138
TNS   : -10.085

Type  : Slow 1200mV 0C Model Recovery 'SW[9]'
Slack : 2.903
TNS   : 0.000

Type  : Slow 1200mV 0C Model Removal 'SW[9]'
Slack : -2.893
TNS   : -299.909

Type  : Slow 1200mV 0C Model Removal 'CLOCK_50'
Slack : 0.256
TNS   : 0.000

Type  : Slow 1200mV 0C Model Removal 'u1|altpll_component|auto_generated|pll1|clk[0]'
Slack : 2.107
TNS   : 0.000

Type  : Fast 1200mV 0C Model Setup 'u1|altpll_component|auto_generated|pll1|clk[0]'
Slack : -7.253
TNS   : -443.176

Type  : Fast 1200mV 0C Model Setup 'SW[9]'
Slack : -4.548
TNS   : -328.221

Type  : Fast 1200mV 0C Model Setup 'Level_CTRL:u8|oRST'
Slack : -3.803
TNS   : -14.543

Type  : Fast 1200mV 0C Model Setup 'VGA_Ctrl:u2|oVGA_HS'
Slack : -1.528
TNS   : -9.514

Type  : Fast 1200mV 0C Model Setup 'iic:u10|count[17]'
Slack : 0.182
TNS   : 0.000

Type  : Fast 1200mV 0C Model Setup 'CLOCK_50'
Slack : 0.699
TNS   : 0.000

Type  : Fast 1200mV 0C Model Hold 'SW[9]'
Slack : -2.564
TNS   : -142.279

Type  : Fast 1200mV 0C Model Hold 'CLOCK_50'
Slack : -1.178
TNS   : -6.117

Type  : Fast 1200mV 0C Model Hold 'iic:u10|count[17]'
Slack : 0.041
TNS   : 0.000

Type  : Fast 1200mV 0C Model Hold 'Level_CTRL:u8|oRST'
Slack : 0.044
TNS   : 0.000

Type  : Fast 1200mV 0C Model Hold 'u1|altpll_component|auto_generated|pll1|clk[0]'
Slack : 0.053
TNS   : 0.000

Type  : Fast 1200mV 0C Model Hold 'VGA_Ctrl:u2|oVGA_HS'
Slack : 0.177
TNS   : 0.000

Type  : Fast 1200mV 0C Model Recovery 'u1|altpll_component|auto_generated|pll1|clk[0]'
Slack : -1.536
TNS   : -38.275

Type  : Fast 1200mV 0C Model Recovery 'CLOCK_50'
Slack : -0.094
TNS   : -6.889

Type  : Fast 1200mV 0C Model Recovery 'SW[9]'
Slack : 2.368
TNS   : 0.000

Type  : Fast 1200mV 0C Model Removal 'SW[9]'
Slack : -2.091
TNS   : -216.869

Type  : Fast 1200mV 0C Model Removal 'CLOCK_50'
Slack : 0.252
TNS   : 0.000

Type  : Fast 1200mV 0C Model Removal 'u1|altpll_component|auto_generated|pll1|clk[0]'
Slack : 1.505
TNS   : 0.000

------------------------------------------------------------
