Flow report for DE0_VGA
Tue Jun 19 22:34:48 2018
Quartus II Version 9.0 Build 132 02/25/2009 SJ Full Version


---------------------
; Table of Contents ;
---------------------
  1. Legal Notice
  2. Flow Summary
  3. Flow Settings
  4. Flow Non-Default Global Settings
  5. Flow Elapsed Time
  6. Flow OS Summary
  7. Flow Log



----------------
; Legal Notice ;
----------------
Copyright (C) 1991-2009 Altera Corporation
Your use of Altera Corporation's design tools, logic functions 
and other software and tools, and its AMPP partner logic 
functions, and any output files from any of the foregoing 
(including device programming or simulation files), and any 
associated documentation or information are expressly subject 
to the terms and conditions of the Altera Program License 
Subscription Agreement, Altera MegaCore Function License 
Agreement, or other applicable license agreement, including, 
without limitation, that your use is for the sole purpose of 
programming logic devices manufactured by Altera and sold by 
Altera or its authorized distributors.  Please refer to the 
applicable agreement for further details.



+-------------------------------------------------------------------------------+
; Flow Summary                                                                  ;
+------------------------------------+------------------------------------------+
; Flow Status                        ; Successful - Tue Jun 19 22:34:42 2018    ;
; Quartus II Version                 ; 9.0 Build 132 02/25/2009 SJ Full Version ;
; Revision Name                      ; DE0_VGA                                  ;
; Top-level Entity Name              ; DE0_VGA                                  ;
; Family                             ; Cyclone III                              ;
; Device                             ; EP3C16F484C6                             ;
; Timing Models                      ; Final                                    ;
; Met timing requirements            ; N/A                                      ;
; Total logic elements               ; 1,746 / 15,408 ( 11 % )                  ;
;     Total combinational functions  ; 1,730 / 15,408 ( 11 % )                  ;
;     Dedicated logic registers      ; 347 / 15,408 ( 2 % )                     ;
; Total registers                    ; 347                                      ;
; Total pins                         ; 252 / 347 ( 73 % )                       ;
; Total virtual pins                 ; 0                                        ;
; Total memory bits                  ; 65,536 / 516,096 ( 13 % )                ;
; Embedded Multiplier 9-bit elements ; 0 / 112 ( 0 % )                          ;
; Total PLLs                         ; 1 / 4 ( 25 % )                           ;
+------------------------------------+------------------------------------------+


+-----------------------------------------+
; Flow Settings                           ;
+-------------------+---------------------+
; Option            ; Setting             ;
+-------------------+---------------------+
; Start date & time ; 06/19/2018 22:33:47 ;
; Main task         ; Compilation         ;
; Revision Name     ; DE0_VGA             ;
+-------------------+---------------------+


+--------------------------------------------------------------------------------------------------------------------------------------+
; Flow Non-Default Global Settings                                                                                                     ;
+------------------------------------+------------------------------------------------------+---------------+-------------+------------+
; Assignment Name                    ; Value                                                ; Default Value ; Entity Name ; Section Id ;
+------------------------------------+------------------------------------------------------+---------------+-------------+------------+
; COMPILER_SIGNATURE_ID              ; 115410750020457.152941882702540                      ; --            ; --          ; --         ;
; IP_TOOL_NAME                       ; ROM: 1-PORT                                          ; --            ; --          ; --         ;
; IP_TOOL_NAME                       ; ROM: 1-PORT                                          ; --            ; --          ; --         ;
; IP_TOOL_NAME                       ; ROM: 1-PORT                                          ; --            ; --          ; --         ;
; IP_TOOL_NAME                       ; ROM: 1-PORT                                          ; --            ; --          ; --         ;
; IP_TOOL_VERSION                    ; 9.0                                                  ; --            ; --          ; --         ;
; IP_TOOL_VERSION                    ; 9.0                                                  ; --            ; --          ; --         ;
; IP_TOOL_VERSION                    ; 9.0                                                  ; --            ; --          ; --         ;
; IP_TOOL_VERSION                    ; 9.0                                                  ; --            ; --          ; --         ;
; MISC_FILE                          ; E:/DE0/DE0_VGA/DE0_VGA.dpf                           ; --            ; --          ; --         ;
; MISC_FILE                          ; D:/TERASIC_TEST/DE0/DE0_VGA/DE0_VGA.dpf              ; --            ; --          ; --         ;
; MISC_FILE                          ; D:/quartus2/BLOCK/BLOCK/FPGA-game-master/DE0_VGA.dpf ; --            ; --          ; --         ;
; MISC_FILE                          ; B.bsf                                                ; --            ; --          ; --         ;
; MISC_FILE                          ; B_inst.v                                             ; --            ; --          ; --         ;
; MISC_FILE                          ; B_bb.v                                               ; --            ; --          ; --         ;
; MISC_FILE                          ; G.bsf                                                ; --            ; --          ; --         ;
; MISC_FILE                          ; G_inst.v                                             ; --            ; --          ; --         ;
; MISC_FILE                          ; G_bb.v                                               ; --            ; --          ; --         ;
; MISC_FILE                          ; R.bsf                                                ; --            ; --          ; --         ;
; MISC_FILE                          ; R_inst.v                                             ; --            ; --          ; --         ;
; MISC_FILE                          ; R_bb.v                                               ; --            ; --          ; --         ;
; MISC_FILE                          ; block.bsf                                            ; --            ; --          ; --         ;
; MISC_FILE                          ; block_inst.v                                         ; --            ; --          ; --         ;
; MISC_FILE                          ; block_bb.v                                           ; --            ; --          ; --         ;
; NOMINAL_CORE_SUPPLY_VOLTAGE        ; 1.2V                                                 ; --            ; --          ; --         ;
; PARTITION_COLOR                    ; 14622752                                             ; --            ; --          ; Top        ;
; PARTITION_NETLIST_TYPE             ; SOURCE                                               ; --            ; --          ; Top        ;
; USE_GENERATED_PHYSICAL_CONSTRAINTS ; Off                                                  ; --            ; --          ; eda_palace ;
+------------------------------------+------------------------------------------------------+---------------+-------------+------------+


+-------------------------------------------------------------------------------------------------------------------------------+
; Flow Elapsed Time                                                                                                             ;
+---------------------------+--------------+-------------------------+---------------------+------------------------------------+
; Module Name               ; Elapsed Time ; Average Processors Used ; Peak Virtual Memory ; Total CPU Time (on all processors) ;
+---------------------------+--------------+-------------------------+---------------------+------------------------------------+
; Analysis & Synthesis      ; 00:00:40     ; 1.0                     ; 269 MB              ; 00:00:40                           ;
; Fitter                    ; 00:00:10     ; 1.2                     ; 388 MB              ; 00:00:10                           ;
; Assembler                 ; 00:00:02     ; 1.0                     ; 271 MB              ; 00:00:02                           ;
; TimeQuest Timing Analyzer ; 00:00:05     ; 1.0                     ; 298 MB              ; 00:00:05                           ;
; Total                     ; 00:00:57     ; --                      ; --                  ; 00:00:57                           ;
+---------------------------+--------------+-------------------------+---------------------+------------------------------------+


+--------------------------------------------------------------------------------------------+
; Flow OS Summary                                                                            ;
+---------------------------+------------------+---------------+------------+----------------+
; Module Name               ; Machine Hostname ; OS Name       ; OS Version ; Processor type ;
+---------------------------+------------------+---------------+------------+----------------+
; Analysis & Synthesis      ; DESKTOP-IKTD0IH  ; Windows Vista ; 6.2        ; x86_64         ;
; Fitter                    ; DESKTOP-IKTD0IH  ; Windows Vista ; 6.2        ; x86_64         ;
; Assembler                 ; DESKTOP-IKTD0IH  ; Windows Vista ; 6.2        ; x86_64         ;
; TimeQuest Timing Analyzer ; DESKTOP-IKTD0IH  ; Windows Vista ; 6.2        ; x86_64         ;
+---------------------------+------------------+---------------+------------+----------------+


------------
; Flow Log ;
------------
quartus_map --read_settings_files=on --write_settings_files=off DE0_VGA -c DE0_VGA
quartus_fit --read_settings_files=off --write_settings_files=off DE0_VGA -c DE0_VGA
quartus_asm --read_settings_files=off --write_settings_files=off DE0_VGA -c DE0_VGA
quartus_sta DE0_VGA -c DE0_VGA



